---
source: mcjs_vm/src/bytecode_compiler.rs
expression: function
---
Function {
    n_parameters: 0,
    unbound_names: [
        Atom('console' type=inline),
        Atom('someGlobalVar' type=dynamic),
    ],
    body: Block {
        id: block7,
        decls: [],
        stmts: [
            Block(
                Block {
                    id: block0,
                    decls: [],
                    stmts: [
                        Call {
                            is_new: false,
                            callee: CreateClosure {
                                func: Function {
                                    n_parameters: 0,
                                    unbound_names: [
                                        Atom('console' type=inline),
                                        Atom('someGlobalVar' type=dynamic),
                                    ],
                                    body: Block {
                                        id: block6,
                                        decls: [],
                                        stmts: [
                                            Block(
                                                Block {
                                                    id: block1,
                                                    decls: [],
                                                    stmts: [
                                                        Call {
                                                            is_new: false,
                                                            callee: CreateClosure {
                                                                func: Function {
                                                                    n_parameters: 0,
                                                                    unbound_names: [
                                                                        Atom('console' type=inline),
                                                                        Atom('someGlobalVar' type=dynamic),
                                                                    ],
                                                                    body: Block {
                                                                        id: block5,
                                                                        decls: [],
                                                                        stmts: [
                                                                            Block(
                                                                                Block {
                                                                                    id: block2,
                                                                                    decls: [],
                                                                                    stmts: [
                                                                                        Call {
                                                                                            is_new: false,
                                                                                            callee: CreateClosure {
                                                                                                func: Function {
                                                                                                    n_parameters: 0,
                                                                                                    unbound_names: [
                                                                                                        Atom('console' type=inline),
                                                                                                        Atom('someGlobalVar' type=dynamic),
                                                                                                    ],
                                                                                                    body: Block {
                                                                                                        id: block4,
                                                                                                        decls: [],
                                                                                                        stmts: [
                                                                                                            Block(
                                                                                                                Block {
                                                                                                                    id: block3,
                                                                                                                    decls: [
                                                                                                                        Decl: let someLocalVar,
                                                                                                                    ],
                                                                                                                    stmts: [
                                                                                                                        Assign(
                                                                                                                            someLocalVar,
                                                                                                                            NumberLiteral(
                                                                                                                                23.0,
                                                                                                                            ),
                                                                                                                        ),
                                                                                                                        Call {
                                                                                                                            is_new: false,
                                                                                                                            callee: ObjectGet {
                                                                                                                                obj: Read(
                                                                                                                                    console,
                                                                                                                                ),
                                                                                                                                key: StringLiteral(
                                                                                                                                    Atom('log' type=static),
                                                                                                                                ),
                                                                                                                            },
                                                                                                                            args: [
                                                                                                                                Read(
                                                                                                                                    someGlobalVar,
                                                                                                                                ),
                                                                                                                                Read(
                                                                                                                                    someLocalVar,
                                                                                                                                ),
                                                                                                                            ],
                                                                                                                        },
                                                                                                                    ],
                                                                                                                },
                                                                                                            ),
                                                                                                        ],
                                                                                                    },
                                                                                                },
                                                                                            },
                                                                                            args: [],
                                                                                        },
                                                                                    ],
                                                                                },
                                                                            ),
                                                                        ],
                                                                    },
                                                                },
                                                            },
                                                            args: [],
                                                        },
                                                    ],
                                                },
                                            ),
                                        ],
                                    },
                                },
                            },
                            args: [],
                        },
                    ],
                },
            ),
        ],
    },
}
