---
source: mcjs_vm/src/bytecode_compiler/js_to_past.rs
expression: function.dump_to_string()
---
[18-258] func () unbound[console, someGlobalVar] block0 {
  decls:
  exprs:
    e0: CreateClosure:
      [19-255] func () unbound[console, someGlobalVar] block1 {
        decls:
        exprs:
          e0: CreateClosure:
            [49-234] func () unbound[console, someGlobalVar] block2 {
              decls:
              exprs:
                e0: CreateClosure:
                  [79-213] func () unbound[console, someGlobalVar] block3 {
                    decls:
                      Decl: let someLocalVar
                    exprs:
                      e0: NumberLiteral(23.0)
                      e1: Read(console)
                      e2: StringLiteral(Atom('log' type=static))
                      e3: ObjectGet { obj: e1, key: e2 }
                      e4: Read(someGlobalVar)
                      e5: Read(someLocalVar)
                      e6: Call { callee: e3, args: [e4, e5] }
                    stmts:
                      [112-134] Assign(someLocalVar, e0)
                      [155-195] Evaluate(e6)
                  }
                e1: Call { callee: e0, args: [] }
              stmts:
                [78-216] Evaluate(e1)
            }
          e1: Call { callee: e0, args: [] }
        stmts:
          [48-237] Evaluate(e1)
      }
    e1: Call { callee: e0, args: [] }
  stmts:
    [18-258] Evaluate(e1)
}
