---
source: mcjs_vm/src/bytecode_compiler/past_to_bytecode.rs
expression: dump_functions(&compiled_module.functions)
---
fn LocalFnId(0)
  ClosureNew { dest: v9, fnid: LocalFnId(1), forced_this: None }
  LoadUndefined(v8)
  Call { return_value: v10, this: v8, callee: v9 }
fn LocalFnId(1)
  k0 Number(2.0)
  ClosureNew { dest: v8, fnid: LocalFnId(2), forced_this: None }
  ClosureAddCapture(v9)
  LoadConst(v9, const[0])
fn LocalFnId(2)
  k0 Number(3.0)
  k1 Number(3.0)
  LoadCapture(v8, capture[0])
  LoadConst(v8, const[0])
  LoadConst(v9, const[1])

