---
source: mcjs_vm/src/bytecode_compiler/past_to_bytecode.rs
expression: dump_functions(&compiled_module.functions)
---
fn LocalFnId(0)
  k0 JsWord(Atom('myFunction' type=dynamic))
  k1 String("prototype")
  k2 JsWord(Atom('Function' type=static))
  k3 String("constructor")
  GetGlobalThis(v8)
  LoadConst(v9, const[0])
  ClosureNew { dest: v10, fnid: LocalFnId(1), forced_this: None }
  LoadConst(v11, const[1])
  ObjCreateEmpty(v12)
  ObjSet { obj: v10, key: v11, value: v12 }
  GetGlobalThis(v13)
  LoadConst(v15, const[2])
  ObjGet { dest: v14, obj: v13, key: v15 }
  LoadConst(v11, const[3])
  ObjSet { obj: v10, key: v11, value: v14 }
  ObjSet { obj: v8, key: v9, value: v10 }
fn LocalFnId(1)
  k0 Number(3.0)
  LoadConst(v8, const[0])
  Return(v8)

