---
source: mcjs_vm/src/bytecode_compiler/js_to_past.rs
expression: function.dump_to_string()
---
[18-258] func () unbound[console, someGlobalVar] Sloppy block0 {
  decls:
  fn asmts:
  exprs:
    e0: CreateClosure:
      [19-255] func () unbound[console, someGlobalVar] Sloppy block1 {
        decls:
        fn asmts:
        exprs:
          e0: CreateClosure:
            [49-234] func () unbound[console, someGlobalVar] Sloppy block2 {
              decls:
              fn asmts:
              exprs:
                e0: CreateClosure:
                  [79-213] func () unbound[console, someGlobalVar] Sloppy block3 {
                    decls:
                      Decl: someLocalVar = TDZ [conflicting]
                    fn asmts:
                    exprs:
                      e0: NumberLiteral(23.0)
                      e1: Read(console)
                      e2: StringLiteral(Atom('log' type=static))
                      e3: ObjectGet { obj: e1, key: e2 }
                      e4: Read(someGlobalVar)
                      e5: Read(someLocalVar)
                      e6: Call { callee: e3, args: [e4, e5] }
                    stmts:
                      [112-134] Assign(Some(someLocalVar), e0)
                      [155-195] Assign(None, e6)
                  }
                e1: Call { callee: e0, args: [] }
              stmts:
                [78-216] Assign(None, e1)
            }
          e1: Call { callee: e0, args: [] }
        stmts:
          [48-237] Assign(None, e1)
      }
    e1: Call { callee: e0, args: [] }
  stmts:
    [18-258] Assign(None, e1)
}
