---
source: mcjs_vm/src/bytecode_compiler/js_to_past.rs
expression: function.dump_to_string()
---
[18-126] func () unbound[] block0 {
  decls:
  exprs:
    e0: CreateClosure:
      [19-123] func () unbound[] block1 {
        decls:
          Decl: var f
          Decl: let x
        exprs:
          e0: CreateClosure:
            [52-74] func () unbound[x] block2 {
              decls:
              exprs:
                e0: Read(x)
                e1: NumberLiteral(3.0)
              stmts:
                [67-72] Assign(Some(x), e1)
                [67-72] Assign(None, e1)
            }
          e1: NumberLiteral(2.0)
        stmts:
          [52-74] Assign(Some(f), e0)
          [95-105] Assign(Some(x), e1)
      }
    e1: Call { callee: e0, args: [] }
  stmts:
    [18-126] Assign(None, e1)
}
