---
source: mcjs_vm/src/bytecode_compiler/js_to_past.rs
expression: function
---
[1-71] func () unbound[myFunction] {Block {
    id: block0,
    decls: [],
    stmts: [
        [1-71] Assign(
            myFunction,
            [1-71] CreateClosure {
                func: [1-71] func () unbound[] {Block {
                    id: block1,
                    decls: [],
                    stmts: [
                        [45-53] Return(
                            [52-53] NumberLiteral(
                                3.0,
                            ),
                        ),
                    ],
                }},
            },
        ),
    ],
}}
