---
source: mcjs_vm/src/bytecode_compiler/js_to_past.rs
expression: function.dump_to_string()
---
[18-126] func () unbound[] Sloppy block0 {
  [trace head]
  decls:
  fn asmts:
  exprs:
    e0: CreateClosure:
      [19-123] func () unbound[] Sloppy block1 {
        [trace head]
        decls:
          Decl: f = Undefined [hoisted]
          Decl: x = TDZ [conflicting]
        fn asmts:
          f <- e0
        exprs:
          e0: CreateClosure:
            [52-74] func () unbound[x] Sloppy block2 {
              [trace head]
              decls:
              fn asmts:
              exprs:
                e0: NumberLiteral(3.0)
                e1: Read(x)
              stmts:
                [67-72] Assign(Some(x), e0)
                [67-72] Assign(None, e1)
            }
          e1: NumberLiteral(2.0)
        stmts:
          [95-105] Assign(Some(x), e1)
      }
    e1: Call { callee: e0, args: [] }
  stmts:
    [18-126] Assign(None, e1)
}
